#-----------------------------------------------------------
# Vivado v2017.2 (64-bit)
# SW Build 1909853 on Thu Jun 15 18:39:09 MDT 2017
# IP Build 1909766 on Thu Jun 15 19:58:00 MDT 2017
# Start of session at: Mon Oct 14 14:08:49 2019
# Process ID: 1592
# Current directory: C:/Users/adam/Documents/Quantaser_RP_FPGA/kalman_sim
# Command line: vivado.exe -gui_launcher_event rodinguilauncherevent5708 C:\Users\adam\Documents\Quantaser_RP_FPGA\kalman_sim\kalman_sim.xpr
# Log file: C:/Users/adam/Documents/Quantaser_RP_FPGA/kalman_sim/vivado.log
# Journal file: C:/Users/adam/Documents/Quantaser_RP_FPGA/kalman_sim\vivado.jou
#-----------------------------------------------------------
start_gui
open_project C:/Users/adam/Documents/Quantaser_RP_FPGA/kalman_sim/kalman_sim.xpr
update_compile_order -fileset sources_1
reset_run synth_1
launch_runs synth_1 -jobs 2
wait_on_run synth_1
launch_simulation
source kalman_tb.tcl
launch_runs impl_2 -jobs 2
wait_on_run impl_2
reset_run synth_1
launch_runs impl_2 -jobs 2
wait_on_run impl_2
update_compile_order -fileset sources_1
update_compile_order -fileset sources_1
reset_run synth_1
launch_runs synth_1 -jobs 2
wait_on_run synth_1
launch_runs impl_2 -jobs 2
wait_on_run impl_2
launch_runs impl_2 -to_step write_bitstream -jobs 2
wait_on_run impl_2
reset_run synth_1
launch_runs impl_2 -jobs 2
wait_on_run impl_2
launch_runs impl_2 -to_step write_bitstream -jobs 2
wait_on_run impl_2
reset_run synth_1
launch_runs impl_2 -jobs 2
wait_on_run impl_2
launch_runs impl_2 -to_step write_bitstream -jobs 2
wait_on_run impl_2
reset_run impl_2 -prev_step 
launch_runs impl_2 -to_step write_bitstream -jobs 2
wait_on_run impl_2
