#-----------------------------------------------------------
# Vivado v2017.2 (64-bit)
# SW Build 1909853 on Thu Jun 15 18:39:09 MDT 2017
# IP Build 1909766 on Thu Jun 15 19:58:00 MDT 2017
# Start of session at: Mon May  6 18:55:14 2019
# Process ID: 16400
# Current directory: C:/Users/adam/Desktop/ubuntu/project_tt
# Command line: vivado.exe -gui_launcher_event rodinguilauncherevent14536 C:\Users\adam\Desktop\ubuntu\project_tt\project_tt.xpr
# Log file: C:/Users/adam/Desktop/ubuntu/project_tt/vivado.log
# Journal file: C:/Users/adam/Desktop/ubuntu/project_tt\vivado.jou
#-----------------------------------------------------------
start_gui
open_project C:/Users/adam/Desktop/ubuntu/project_tt/project_tt.xpr
update_compile_order -fileset sources_1
reset_run synth_1
launch_runs impl_1 -to_step write_bitstream -jobs 2
wait_on_run impl_1
reset_run synth_1
launch_runs impl_1 -to_step write_bitstream -jobs 2
wait_on_run impl_1
reset_run synth_1
launch_runs impl_1 -to_step write_bitstream -jobs 2
wait_on_run impl_1
reset_run synth_1
launch_runs impl_1 -to_step write_bitstream -jobs 2
wait_on_run impl_1
reset_run synth_1
launch_runs impl_1 -to_step write_bitstream -jobs 2
wait_on_run impl_1
reset_run synth_1
launch_runs impl_1 -to_step write_bitstream -jobs 2
wait_on_run impl_1
